!!! Repository 'bentoo' is missing masters attribute in '/var/db/repos/bentoo/metadata/layout.conf'
!!! Set 'masters = gentoo' in this file for future compatibility
WARNING: One or more repositories have missing repo_name entries:

	/var/db/repos/bentoo/profiles/repo_name

NOTE: Each repo_name entry should be a plain text file containing a
unique name for the repository on the first line.



 * IMPORTANT: 2 news items need reading for repository 'gentoo'.
 * Use eselect news read to view new items.

Calculating dependencies  ... done!
Dependency resolution took 4.64 s (backtrack: 0/20).


>>> Verifying ebuild manifests

>>> Emerging (1 of 1) sys-kernel/cachyos-sources-7.1.8-r1::CachyOS-kernels
 * cachyos-7.1.8-1.tar.gz BLAKE2B SHA512 size ;-) ...                    [ ok ]
 * genpatches-7.1-11.base.tar.xz BLAKE2B SHA512 size ;-) ...             [ ok ]
 * genpatches-7.1-11.extras.tar.xz BLAKE2B SHA512 size ;-) ...           [ ok ]
 [32m*[0m >>> Preparing to unpack ...
>>> Unpacking source...
>>> Unpacking 'cachyos-7.1.8-1.tar.gz' to /var/tmp/portage/sys-kernel/cachyos-sources-7.1.8-r1/work
>>> Unpacking 'genpatches-7.1-11.base.tar.xz' to /var/tmp/portage/sys-kernel/cachyos-sources-7.1.8-r1/work/patches
>>> Unpacking 'genpatches-7.1-11.extras.tar.xz' to /var/tmp/portage/sys-kernel/cachyos-sources-7.1.8-r1/work/patches
 [32m*[0m Excluding Patch 10 ...
[A[72C [34;01m[ [32;01mok[34;01m ][0m
 [32m*[0m Excluding Patch 2700 ...
[A[72C [34;01m[ [32;01mok[34;01m ][0m
 [32m*[0m Excluding Patch 5010_enable-additional-cpu-optimizations-for-gcc.patch ...
[A[72C [34;01m[ [32;01mok[34;01m ][0m
 [32m*[0m Excluding Patch 5010_enable-additional-cpu-optimizations-for-gcc-4.9.patch ...
[A[72C [34;01m[ [32;01mok[34;01m ][0m
 [32m*[0m Excluding Patch 5011_enable-cpu-optimizations-for-gcc8.patch ...
[A[72C [34;01m[ [32;01mok[34;01m ][0m
 [32m*[0m Excluding Patch 5012_enable-cpu-optimizations-for-gcc91.patch ...
[A[72C [34;01m[ [32;01mok[34;01m ][0m
 [32m*[0m Excluding Patch 5013_enable-cpu-optimizations-for-gcc10.patch ...
[A[72C [34;01m[ [32;01mok[34;01m ][0m
 [32m*[0m Excluding Patch 5010_enable-additional-cpu-optimizations-for-gcc.patch ...
[A[72C [34;01m[ [32;01mok[34;01m ][0m
 [32m*[0m Excluding Patch 5010_enable-additional-cpu-optimizations-for-gcc-4.9.patch ...
[A[72C [34;01m[ [32;01mok[34;01m ][0m
 [32m*[0m Excluding Patch 5011_enable-cpu-optimizations-for-gcc8.patch ...
[A[72C [34;01m[ [32;01mok[34;01m ][0m
 [32m*[0m Excluding Patch 5012_enable-cpu-optimizations-for-gcc91.patch ...
[A[72C [34;01m[ [32;01mok[34;01m ][0m
 [32m*[0m Excluding Patch 5013_enable-cpu-optimizations-for-gcc10.patch ...
[A[72C [34;01m[ [32;01mok[34;01m ][0m
 [32m*[0m Applying 1510_fs-enable-link-security-restrictions-by-default.patch (-p1) ...
[A[72C [34;01m[ [32;01mok[34;01m ][0m
 [32m*[0m Applying 1700_sparc-address-warray-bound-warnings.patch (-p1) ...
[A[72C [34;01m[ [32;01mok[34;01m ][0m
 [32m*[0m Applying 1710_x86-tools-vdso2c.patch (-p1) ...
[A[72C [34;01m[ [32;01mok[34;01m ][0m
 [32m*[0m Applying 1730_parisc-Disable-prctl.patch (-p1) ...
[A[72C [34;01m[ [32;01mok[34;01m ][0m
 [32m*[0m Applying 2000_BT-Check-key-sizes-only-if-Secure-Simple-Pairing-enabled.patch (-p1) ...
[A[72C [34;01m[ [32;01mok[34;01m ][0m
 [32m*[0m Applying 2901_permit-menuconfig-sorting.patch (-p1) ...
[A[72C [34;01m[ [32;01mok[34;01m ][0m
 [32m*[0m Applying 2902_Replace-CONST-CAST-with-const-cast.patch (-p1) ...
[A[72C [34;01m[ [32;01mok[34;01m ][0m
 [32m*[0m Applying 2990_libbpf-v2-workaround-Wmaybe-uninitialized-false-pos.patch (-p1) ...
[A[72C [34;01m[ [32;01mok[34;01m ][0m
 [32m*[0m Applying 2991_libbpf_add_WERROR_option.patch (-p1) ...
[A[72C [34;01m[ [32;01mok[34;01m ][0m
 [32m*[0m Applying 3000_Support-printing-firmware-info.patch (-p1) ...
[A[72C [34;01m[ [32;01mok[34;01m ][0m
 [32m*[0m Applying 4567_distro-Gentoo-Kconfig.patch (-p1) ...
[A[72C [34;01m[ [32;01mok[34;01m ][0m
>>> Source unpacked in /var/tmp/portage/sys-kernel/cachyos-sources-7.1.8-r1/work
>>> Preparing source in /var/tmp/portage/sys-kernel/cachyos-sources-7.1.8-r1/work/linux-7.1.8-cachyos1 ...
 [32m*[0m Applying 0002-fix-autofdo-propeller-lto-thin-dist.patch ...
[A[72C [34;01m[ [32;01mok[34;01m ][0m
 [32m*[0m Applying 0001-bore-cachy.patch ...
[A[72C [34;01m[ [32;01mok[34;01m ][0m
 [32m*[0m Applying dkms-clang.patch ...
[A[72C [34;01m[ [32;01mok[34;01m ][0m
>>> Source prepared.
>>> Configuring source in /var/tmp/portage/sys-kernel/cachyos-sources-7.1.8-r1/work/linux-7.1.8-cachyos1 ...
>>> Source configured.
>>> Compiling source in /var/tmp/portage/sys-kernel/cachyos-sources-7.1.8-r1/work/linux-7.1.8-cachyos1 ...
>>> Source compiled.
>>> Test phase [not enabled]: sys-kernel/cachyos-sources-7.1.8-r1

>>> Install sys-kernel/cachyos-sources-7.1.8-r1 into /var/tmp/portage/sys-kernel/cachyos-sources-7.1.8-r1/image
 [32m*[0m >>> Copying sources ...
>>> Completed installing sys-kernel/cachyos-sources-7.1.8-r1 into /var/tmp/portage/sys-kernel/cachyos-sources-7.1.8-r1/image

 [32m*[0m Final size of build directory: 1769256 KiB (1.6 GiB)
 [32m*[0m Final size of installed tree:  1769264 KiB (1.6 GiB)

 [33m*[0m QA Notice: RESTRICT=binchecks prevented checks on these ELF files:
 [33m*[0m /usr/src/linux-7.1.8-cachyos1/tools/testing/selftests/tc-testing/action-ebpf

>>> Installing (1 of 1) sys-kernel/cachyos-sources-7.1.8-r1::CachyOS-kernels
 [32;01m*[0m If you are upgrading from a previous kernel, you may be interested
 [32;01m*[0m in the following document:
 [32;01m*[0m   - General upgrade guide: https://wiki.gentoo.org/wiki/Kernel/Upgrade
 [32;01m*[0m Install additional packages for optional runtime features:
 [32;01m*[0m   sys-process/uksmd for userspace KSM helper
 [32;01m*[0m   x11-drivers/nvidia-drivers[kernel-open] for NVIDIA opensource module
 [32;01m*[0m   net-misc/r8125 for Realtek RTL8125 2.5GbE driver
 [32;01m*[0m   sys-fs/zfs for ZFS support
 [32;01m*[0m   sys-kernel/scx-loader for sched_ext schedulers
 [33;01m*[0m AutoFDO support build way: https://cachyos.org/blog/2411-kernel-autofdo, and you can check https://github.com/xz-dev/kernel-autofdo-container as example

>>> Recording sys-kernel/cachyos-sources:7.1.8-r1 in "world" favorites file...

>>> Completed (1 of 1) sys-kernel/cachyos-sources-7.1.8-r1::CachyOS-kernels

 * Messages for package sys-kernel/cachyos-sources-7.1.8-r1:

 * If you are upgrading from a previous kernel, you may be interested
 * in the following document:
 *   - General upgrade guide: https://wiki.gentoo.org/wiki/Kernel/Upgrade
 * Install additional packages for optional runtime features:
 *   sys-process/uksmd for userspace KSM helper
 *   x11-drivers/nvidia-drivers[kernel-open] for NVIDIA opensource module
 *   net-misc/r8125 for Realtek RTL8125 2.5GbE driver
 *   sys-fs/zfs for ZFS support
 *   sys-kernel/scx-loader for sched_ext schedulers
 * AutoFDO support build way: https://cachyos.org/blog/2411-kernel-autofdo, and you can check https://github.com/xz-dev/kernel-autofdo-container as example

 * GNU info directory index is up-to-date.

 * IMPORTANT: 2 news items need reading for repository 'gentoo'.
 * Use eselect news read to view new items.

