  DESCEND objtool
  INSTALL libsubcmd_headers
  LD [M]  sound/soc/snd-soc-acpi.o
  CC      net/packet/af_packet.o
  LD [M]  sound/soc/snd-soc-core.o
  CC [M]  net/packet/diag.o
  CC      net/strparser/strparser.o
  CC      drivers/virtio/virtio_anchor.o
  CC [M]  drivers/dma/virt-dma.o
  CC      net/8021q/vlan_core.o
  CC [M]  drivers/virtio/virtio.o
  CC [M]  drivers/dma/idma64.o
drivers/soc/qcom/.qmi_interface.o.cmd:5: *** unterminated call to function 'wildcard': missing ')'.  Stop.
make[4]: *** [scripts/Makefile.build:548: drivers/soc/qcom] Error 2
make[3]: *** [scripts/Makefile.build:548: drivers/soc] Error 2
make[3]: *** Waiting for unfinished jobs....
  CC [M]  drivers/virtio/virtio_ring.o
  CC      net/sysctl_net.o
  CC [M]  net/8021q/vlan.o
  CC      net/ipv6/af_inet6.o
  CC      net/dcb/dcbnl.o
  CC      net/ipv6/anycast.o
  CC      drivers/acpi/fan_core.o
  CC      net/wireless/wext-core.o
  CC      net/ipv4/tcp.o
  CC [M]  net/8021q/vlan_dev.o
  CC      drivers/acpi/acpica/nsxfname.o
  AR      net/netfilter/built-in.a
  CC      drivers/acpi/acpica/nsxfobj.o
  CC [M]  net/netfilter/nf_conntrack_ecache.o
  LD [M]  sound/soc/sof/snd-sof.o
  LD [M]  sound/soc/sof/snd-sof-utils.o
  CC      kernel/bpf/stackmap.o
  LD [M]  sound/soc/sof/snd-sof-pci.o
  LD [M]  sound/soc/sof/snd-sof-probes.o
  LD [M]  sound/soc/sof/intel/snd-sof-intel-hda-common.o
  CC [M]  sound/soc/sof/intel/hda.o
  CC      kernel/bpf/cgroup_iter.o
  CC      fs/btrfs/dir-item.o
  CC      fs/btrfs/file-item.o
  CC      drivers/acpi/acpica/psargs.o
  CC [M]  net/netfilter/nf_conntrack_labels.o
  CC [M]  net/netfilter/nf_conntrack_proto_sctp.o
  CC [M]  drivers/dma/hsu/hsu.o
  CC [M]  net/netfilter/nf_conntrack_proto_gre.o
  CC      fs/pstore/inode.o
  CC      drivers/acpi/acpica/psloop.o
  CC      net/wireless/wext-proc.o
  CC      drivers/acpi/acpica/psobject.o
  CC      net/ipv4/tcp_input.o
  CC      fs/efivarfs/inode.o
  AR      net/strparser/built-in.a
  CC      fs/efivarfs/file.o
  CC      fs/efivarfs/super.o
  CC [M]  net/wireless/core.o
  CC [M]  net/wireless/sysfs.o
  CC [M]  net/wireless/radiotap.o
  CC [M]  net/wireless/util.o
  CC      kernel/bpf/bpf_cgrp_storage.o
  LD [M]  drivers/dma/hsu/hsu_dma.o
  AR      drivers/virtio/built-in.a
  CC [M]  drivers/dma/ioat/init.o
  CC [M]  net/8021q/vlan_netlink.o
  CC [M]  net/wireless/reg.o
  CC      drivers/acpi/acpica/psopcode.o
  CC [M]  drivers/dma/ioat/dma.o
  CC      net/ipv6/ip6_output.o
  CC [M]  sound/soc/sof/intel/hda-common-ops.o
  CC      fs/btrfs/inode-item.o
  CC      net/dcb/dcbevent.o
  CC [M]  drivers/dma/ioat/prep.o
  CC      fs/pstore/platform.o
  CC      drivers/acpi/acpica/psopinfo.o
  CC [M]  net/netfilter/nf_conntrack_netlink.o
  CC      fs/btrfs/disk-io.o
  CC      fs/btrfs/transaction.o
  CC      drivers/acpi/fan_attr.o
  CC      fs/efivarfs/vars.o
  LD [M]  net/packet/af_packet_diag.o
  AR      net/packet/built-in.a
  CC      drivers/acpi/fan_hwmon.o
  CC      drivers/acpi/acpica/psparse.o
  CC      drivers/acpi/pci_slot.o
  CC [M]  fs/squashfs/block.o
  CC [M]  fs/squashfs/cache.o
  CC [M]  fs/pstore/ram.o
  CC [M]  fs/pstore/ram_core.o
  CC      kernel/bpf/cgroup.o
  CC [M]  sound/soc/sof/intel/hda-mlink.o
  CC [M]  drivers/dma/ioat/dca.o
  CC [M]  drivers/dma/ioat/sysfs.o
  CC      drivers/acpi/acpica/psscope.o
  AR      net/dcb/built-in.a
  CC [M]  net/8021q/vlan_gvrp.o
  CC      net/ipv6/ip6_input.o
  AR      drivers/dma/built-in.a
  CC [M]  fs/fat/cache.o
  CC [M]  net/netfilter/nfnetlink_cttimeout.o
  AR      fs/efivarfs/built-in.a
  CC [M]  net/wireless/scan.o
  CC [M]  net/8021q/vlan_mvrp.o
  CC      drivers/acpi/acpica/pstree.o
  CC [M]  fs/squashfs/dir.o
  CC [M]  fs/squashfs/export.o
  CC      drivers/acpi/acpica/psutils.o
  CC      fs/btrfs/inode.o
  CC      fs/btrfs/file.o
  CC      net/switchdev/switchdev.o
  CC      net/ipv6/addrconf.o
  CC      net/ipv6/addrlabel.o
  CC [M]  fs/pstore/zone.o
  CC      drivers/acpi/processor_driver.o
  LD [M]  drivers/dma/ioat/ioatdma.o
  CC [M]  sound/soc/sof/intel/hda-codec.o
  CC      net/ipv6/route.o
  CC      drivers/acpi/acpica/pswalk.o
  CC      drivers/acpi/acpica/psxface.o
  CC [M]  fs/squashfs/file.o
  CC      drivers/acpi/acpica/rsaddr.o
  CC      net/ipv4/tcp_output.o
  CC [M]  fs/fat/dir.o
  CC      kernel/bpf/reuseport_array.o
  CC      fs/btrfs/defrag.o
  CC      net/l3mdev/l3mdev.o
  CC [M]  net/8021q/vlanproc.o
  AR      net/8021q/built-in.a
  CC      drivers/acpi/processor_thermal.o
  CC [M]  net/netfilter/nfnetlink_cthelper.o
  CC      drivers/acpi/acpica/rscalc.o
  CC [M]  net/netfilter/nf_conntrack_amanda.o
  CC [M]  net/netfilter/nf_conntrack_ftp.o
  CC      net/ncsi/ncsi-cmd.o
  CC [M]  sound/soc/sof/intel/pci-cnl.o
  CC      net/ncsi/ncsi-rsp.o
  CC      drivers/acpi/acpica/rscreate.o
  AR      net/switchdev/built-in.a
  CC      net/ncsi/ncsi-aen.o
  CC [M]  fs/squashfs/fragment.o
  CC [M]  fs/pstore/blk.o
  CC      net/ncsi/ncsi-manage.o
  AR      fs/pstore/built-in.a
  CC      net/ncsi/ncsi-netlink.o
  CC      drivers/acpi/acpica/rsdumpinfo.o
  AR      net/l3mdev/built-in.a
  CC      drivers/acpi/acpica/rsinfo.o
  CC      net/ipv4/tcp_timer.o
  CC      kernel/bpf/bpf_struct_ops.o
  CC [M]  fs/fat/fatent.o
  CC      net/ipv4/tcp_ipv4.o
  CC [M]  fs/squashfs/id.o
  CC [M]  sound/soc/sof/intel/cnl.o
  LD [M]  net/8021q/8021q.o
  CC [M]  net/wireless/nl80211.o
  CC      net/xdp/xsk.o
  CC      net/xdp/xdp_umem.o
  CC [M]  net/llc/llc_core.o
  CC [M]  net/tls/tls_main.o
  CC      drivers/acpi/acpica/rsio.o
  LD [M]  fs/pstore/ramoops.o
  LD [M]  fs/pstore/pstore_zone.o
  LD [M]  fs/pstore/pstore_blk.o
  CC [M]  net/key/af_key.o
  CC      kernel/bpf/cpumask.o
  CC      kernel/bpf/crypto.o
  CC      kernel/bpf/relo_core.o
  CC [M]  fs/squashfs/inode.o
  CC [M]  net/netfilter/nf_conntrack_h323_main.o
  CC      drivers/acpi/acpica/rsirq.o
  CC      kernel/bpf/btf_iter.o
  CC      drivers/acpi/acpica/rslist.o
  CC [M]  sound/soc/sof/intel/pci-tgl.o
  CC [M]  fs/fat/file.o
  CC [M]  sound/soc/sof/intel/tgl.o
  CC      net/ipv6/ip6_fib.o
  CC      net/ipv4/tcp_minisocks.o
  CC [M]  fs/squashfs/namei.o
  CC [M]  net/llc/llc_input.o
  CC [M]  net/llc/llc_output.o
  AR      net/ncsi/built-in.a
  CC      drivers/acpi/processor_idle.o
  CC [M]  fs/squashfs/super.o
  CC      drivers/acpi/acpica/rsmemory.o
  CC [M]  fs/exfat/inode.o
  CC [M]  fs/squashfs/symlink.o
  CC [M]  fs/exfat/namei.o
  CC [M]  fs/exfat/dir.o
  CC      drivers/acpi/acpica/rsmisc.o
  CC [M]  fs/exfat/super.o
  CC      net/xdp/xsk_queue.o
  CC      kernel/bpf/btf_relocate.o
  CC      fs/btrfs/extent_map.o
  CC [M]  net/wireless/mlme.o
  LD [M]  sound/soc/sof/intel/snd-sof-intel-hda-generic.o
  LD [M]  sound/soc/sof/intel/snd-sof-intel-hda-mlink.o
  LD [M]  sound/soc/sof/intel/snd-sof-intel-hda.o
  LD [M]  sound/soc/sof/intel/snd-sof-pci-intel-cnl.o
  LD [M]  sound/soc/sof/intel/snd-sof-pci-intel-tgl.o
  CC [M]  fs/fat/inode.o
  CC [M]  fs/ntfs3/attrib.o
  CC [M]  sound/soc/sdw_utils/soc_sdw_utils.o
  CC      drivers/acpi/acpica/rsserial.o
  CC [M]  net/tls/tls_sw.o
  CC      drivers/acpi/processor_throttling.o
  CC [M]  sound/soc/sdw_utils/soc_sdw_dmic.o
  CC [M]  sound/soc/sdw_utils/soc_sdw_rt_dmic.o
  CC [M]  fs/squashfs/decompressor.o
  CC [M]  net/netfilter/nf_conntrack_h323_asn1.o
  LD [M]  net/llc/llc.o
  CC [M]  sound/soc/sdw_utils/soc_sdw_rt700.o
  CC [M]  sound/soc/sdw_utils/soc_sdw_rt711.o
  CC [M]  net/wireless/ibss.o
  CC [M]  net/netfilter/nf_conntrack_irc.o
  CC      drivers/acpi/acpica/rsutils.o
  CC [M]  fs/squashfs/page_actor.o
  CC      net/ipv4/tcp_cong.o
  CC      fs/btrfs/sysfs.o
  CC      net/xdp/xskmap.o
  CC [M]  net/bridge/br.o
  CC [M]  net/wireless/sme.o
  CC [M]  fs/exfat/fatent.o
  CC [M]  net/wireless/chan.o
  CC      drivers/acpi/acpica/rsxface.o
  CC      drivers/acpi/acpica/tbdata.o
  CC      kernel/bpf/kmem_cache_iter.o
  CC      kernel/bpf/dmabuf_iter.o
  CC      net/ipv6/ipv6_sockglue.o
  CC [M]  fs/fat/misc.o
  CC      drivers/acpi/processor_perflib.o
  CC [M]  net/appletalk/aarp.o
  CC [M]  net/tls/tls_proc.o
  CC [M]  fs/squashfs/file_direct.o
  CC [M]  sound/soc/sdw_utils/soc_sdw_rt5682.o
  CC [M]  fs/squashfs/decompressor_single.o
  CC [M]  fs/ntfs3/attrlist.o
  CC [M]  net/bridge/br_device.o
  CC      drivers/acpi/acpica/tbfadt.o
  CC [M]  net/netfilter/nf_conntrack_broadcast.o
  CC [M]  net/appletalk/ddp.o
  CC [M]  fs/exfat/cache.o
  CC [M]  fs/exfat/nls.o
  CC [M]  fs/exfat/misc.o
  CC      net/xdp/xsk_buff_pool.o
  CC [M]  fs/fat/nfs.o
  CC      drivers/acpi/acpica/tbfind.o
  AR      kernel/bpf/built-in.a
  CC      kernel/watch_queue.o
  CC [M]  net/appletalk/atalk_proc.o
  CC      net/ipv6/ndisc.o
  CC [M]  sound/soc/sdw_utils/soc_sdw_rt_sdca_jack_common.o
  CC [M]  fs/squashfs/decompressor_multi.o
  CC      net/ipv4/tcp_metrics.o
  CC      fs/btrfs/accessors.o
  CC [M]  fs/ntfs3/bitfunc.o
  CC [M]  sound/soc/sdw_utils/soc_sdw_rt_amp.o
  CC      drivers/acpi/acpica/tbinstal.o
  CC      drivers/acpi/acpica/tbprint.o
  CC [M]  fs/exfat/file.o
  CC [M]  net/tls/trace.o
  CC      drivers/acpi/acpica/tbutils.o
  CC [M]  net/tls/tls_strp.o
  CC [M]  net/netfilter/nf_conntrack_netbios_ns.o
  CC      drivers/acpi/container.o
  CC [M]  fs/squashfs/decompressor_multi_percpu.o
  CC      net/ipv6/udp.o
  CC [M]  net/bridge/br_fdb.o
  CC [M]  fs/fat/namei_vfat.o
  LD [M]  fs/fat/fat.o
  CC [M]  net/bridge/br_forward.o
  CC [M]  net/wireless/ethtool.o
  CC [M]  fs/ntfs3/bitmap.o
  CC [M]  fs/exfat/balloc.o
  CC      fs/btrfs/xattr.o
  GZIP    kernel/config_data.gz
  CC      net/ipv4/tcp_fastopen.o
  CC      drivers/acpi/acpica/tbxface.o
  CC      kernel/configs.o
  CC      drivers/acpi/acpica/tbxfload.o
  CC [M]  sound/soc/sdw_utils/soc_sdw_rt_mf_sdca.o
  CC [M]  net/appletalk/sysctl_net_atalk.o
  CC [M]  net/xdp/xsk_diag.o
  CC [M]  fs/ntfs3/dir.o
  CC      net/ipv6/raw.o
  CC [M]  fs/squashfs/xattr.o
  CC      fs/btrfs/ordered-data.o
  CC      drivers/acpi/acpica/tbxfroot.o
  AR      kernel/built-in.a
  CC [M]  net/netfilter/nf_conntrack_snmp.o
  CC      drivers/acpi/acpica/utaddress.o
  CC [M]  net/wireless/mesh.o
  CC [M]  sound/soc/sdw_utils/soc_sdw_bridge_cs35l56.o
  CC      fs/btrfs/extent_io.o
  LD [M]  fs/exfat/exfat.o
  CC      net/ipv6/icmp.o
  CC      net/ipv6/mcast.o
  CC      net/ipv6/reassembly.o
  CC      net/ipv6/tcp_ipv6.o
  CC      net/ipv4/tcp_recovery.o
  AR      net/xdp/built-in.a
  LD [M]  fs/fat/vfat.o
  CC [M]  net/netfilter/nf_conntrack_pptp.o
  LD [M]  net/tls/tls.o
  CC [M]  fs/squashfs/xattr_id.o
  CC      drivers/acpi/thermal_lib.o
  CC      drivers/acpi/acpica/utalloc.o
  CC      net/ipv4/tcp_ulp.o
  CC      drivers/acpi/thermal.o
  LD [M]  net/appletalk/appletalk.o
  CC      net/ipv6/ping.o
  CC [M]  fs/ntfs3/fsntfs.o
  CC [M]  fs/ntfs3/frecord.o
  CC [M]  net/bridge/br_if.o
  CC [M]  fs/ntfs3/file.o
  CC      drivers/acpi/acpica/utascii.o
  CC [M]  sound/soc/sdw_utils/soc_sdw_cs42l42.o
  CC [M]  fs/squashfs/lz4_wrapper.o
  CC [M]  fs/ntfs3/fslog.o
  CC [M]  net/bridge/br_input.o
  CC [M]  net/wireless/ap.o
  CC [M]  net/wireless/trace.o
  CC [M]  net/bridge/br_ioctl.o
  CC      drivers/acpi/acpica/utbuffer.o
  CC [M]  net/bridge/br_stp.o
  CC [M]  net/bridge/br_stp_bpdu.o
  CC [M]  net/netfilter/nf_conntrack_sane.o
  CC [M]  fs/squashfs/lzo_wrapper.o
  CC [M]  fs/squashfs/xz_wrapper.o
  CC      net/ipv6/exthdrs.o
  CC      drivers/acpi/acpica/utcksum.o
  CC [M]  sound/soc/sdw_utils/soc_sdw_cs42l43.o
  CC      net/ipv4/tcp_offload.o
  CC [M]  sound/soc/sdw_utils/soc_sdw_cs42l45.o
  CC [M]  sound/soc/sdw_utils/soc_sdw_cs47l47.o
  CC      drivers/acpi/acpica/utcopy.o
  CC      drivers/acpi/acpica/utexcep.o
  CC      fs/btrfs/volumes.o
  CC [M]  net/netfilter/nf_conntrack_sip.o
  CC      drivers/acpi/platform_profile.o
  CC [M]  fs/squashfs/zlib_wrapper.o
  CC      net/ipv4/tcp_plb.o
  CC [M]  net/wireless/ocb.o
  CC [M]  sound/soc/sdw_utils/soc_sdw_cs_amp.o
  CC [M]  net/netfilter/nf_conntrack_tftp.o
  CC [M]  net/bluetooth/af_bluetooth.o
  CC [M]  net/bluetooth/hci_core.o
  CC      drivers/acpi/acpica/utdebug.o
  CC [M]  fs/ntfs3/inode.o
  CC      net/ipv6/datagram.o
  CC      drivers/acpi/nhlt.o
  CC      net/ipv6/ip6_flowlabel.o
  CC [M]  net/bridge/br_stp_if.o
  CC [M]  net/mac80211/main.o
  CC      net/ipv6/inet6_connection_sock.o
  CC [M]  net/netfilter/nf_log_syslog.o
  CC      drivers/acpi/acpica/utdecode.o
  CC      drivers/acpi/acpica/utdelete.o
  CC [M]  fs/squashfs/zstd_wrapper.o
  CC [M]  net/bridge/br_stp_timer.o
  CC [M]  net/rfkill/core.o
  CC [M]  net/dns_resolver/dns_key.o
  CC [M]  sound/soc/sdw_utils/soc_sdw_maxim.o
  CC [M]  sound/soc/sdw_utils/soc_sdw_ti_amp.o
  CC [M]  net/wireless/michael-mic.o
  CC      drivers/acpi/acpica/uterror.o
  CC      drivers/acpi/acpica/uteval.o
  CC      drivers/acpi/acpica/utglobal.o
  CC      drivers/acpi/acpica/uthex.o
  CC      net/ipv4/datagram.o
  LD [M]  fs/squashfs/squashfs.o
  CC      net/ipv4/raw.o
  CC      fs/btrfs/async-thread.o
  CC [M]  net/wireless/pmsr.o
  CC      fs/btrfs/ioctl.o
  CC [M]  net/dns_resolver/dns_query.o
  CC      fs/btrfs/locking.o
  CC [M]  fs/ntfs3/index.o
  CC      drivers/acpi/acpica/utids.o
  CC      drivers/acpi/acpica/utinit.o
  CC [M]  net/rfkill/input.o
  CC      fs/btrfs/orphan.o
  CC      drivers/acpi/acpi_memhotplug.o
  LD [M]  sound/soc/sdw_utils/snd-soc-sdw-utils.o
  CC      net/ipv4/udp.o
  CC [M]  net/mac80211/status.o
  CC [M]  net/wireless/debugfs.o
  CC [M]  fs/ntfs3/lznt.o
  CC [M]  fs/ntfs3/namei.o
  CC [M]  net/psample/psample.o
  CC      net/ipv6/udp_offload.o
  CC      drivers/acpi/acpica/utlock.o
  CC [M]  net/netfilter/nf_nat_core.o
  CC      fs/btrfs/export.o
  CC [M]  net/bridge/br_netlink.o
  CC [M]  net/bluetooth/hci_conn.o
  LD [M]  net/dns_resolver/dns_resolver.o
  CC      drivers/acpi/ioapic.o
  CC [M]  net/wireless/wext-compat.o
  CC [M]  net/rfkill/rfkill-gpio.o
  CC [M]  net/bluetooth/hci_event.o
  CC [M]  net/bluetooth/mgmt.o
  CC      drivers/acpi/acpica/utmath.o
  CC [M]  net/mac80211/driver-ops.o
  LD [M]  net/rfkill/rfkill.o
  CC [M]  fs/ntfs3/record.o
  CC      net/ipv4/udp_offload.o
  CC      drivers/acpi/acpica/utmisc.o
  CC      net/ipv6/seg6.o
  CC [M]  net/mac80211/sta_info.o
  CC [M]  net/vmw_vsock/af_vsock.o
  CC      net/ipv4/arp.o
  CC [M]  net/mac80211/wep.o
  CC [M]  net/mac80211/aead_api.o
  CC [M]  net/bluetooth/hci_sock.o
  CC [M]  net/nsh/nsh.o
  CC      drivers/acpi/acpica/utmutex.o
  CC [M]  net/qrtr/af_qrtr.o
  CC [M]  fs/ntfs3/run.o
  CC [M]  net/mac80211/wpa.o
  CC [M]  net/wireless/wext-sme.o
  CC      fs/btrfs/tree-log.o
  CC [M]  net/netfilter/nf_nat_proto.o
  AR      net/wireless/built-in.a
  CC      net/ipv4/icmp.o
  CC [M]  net/netfilter/nf_nat_helper.o
  CC      drivers/acpi/acpica/utnonansi.o
  CC [M]  net/bridge/br_netlink_tunnel.o
  CC [M]  net/netfilter/nf_nat_redirect.o
  CC [M]  net/netfilter/nf_nat_masquerade.o
  CC      drivers/acpi/battery.o
  CC [M]  net/qrtr/ns.o
  CC      net/ipv6/fib6_notifier.o
  CC      drivers/acpi/acpica/utobject.o
  CC      drivers/acpi/acpica/utosi.o
  CC [M]  fs/ntfs3/super.o
  CC [M]  fs/ntfs3/upcase.o
  CC      net/ipv6/rpl.o
  CC      drivers/acpi/acpica/utownerid.o
  CC      net/ipv6/ioam6.o
  CC      net/ipv6/sysctl_net_ipv6.o
  LD [M]  net/wireless/cfg80211.o
  CC [M]  net/vmw_vsock/af_vsock_tap.o
  CC      fs/btrfs/free-space-cache.o
  CC      fs/btrfs/zlib.o
  CC      fs/btrfs/lzo.o
  CC      drivers/acpi/acpica/utpredef.o
  CC [M]  net/bluetooth/hci_sysfs.o
  CC [M]  net/bridge/br_arp_nd_proxy.o
  CC      drivers/acpi/hed.o
  CC [M]  net/bridge/br_sysfs_if.o
  CC [M]  net/mac80211/scan.o
  CC [M]  net/bridge/br_sysfs_br.o
  CC      drivers/acpi/bgrt.o
  CC      drivers/acpi/acpica/utresdecode.o
  CC      fs/btrfs/zstd.o
  CC      drivers/acpi/acpica/utresrc.o
  CC [M]  net/netfilter/nf_nat_amanda.o
  CC      net/ipv4/devinet.o
  CC      drivers/acpi/acpica/utstate.o
  CC [M]  net/qrtr/tun.o
  CC [M]  net/mac80211/offchannel.o
  CC [M]  net/bluetooth/l2cap_core.o
  CC [M]  net/vmw_vsock/vsock_addr.o
  CC [M]  net/bluetooth/l2cap_sock.o
  CC [M]  net/bluetooth/smp.o
  CC [M]  net/bluetooth/lib.o
  CC [M]  net/bridge/br_nf_core.o
  CC [M]  fs/ntfs3/xattr.o
  CC [M]  net/netfilter/nf_nat_ftp.o
  CC      net/ipv4/af_inet.o
  CC      drivers/acpi/acpica/utstring.o
  CC      net/ipv4/igmp.o
  CC      net/ipv6/ip6mr.o
  CC      net/ipv4/fib_frontend.o
  CC      net/ipv6/xfrm6_policy.o
  CC      net/ipv6/xfrm6_state.o
  CC      drivers/acpi/acpica/utstrsuppt.o
  CC [M]  fs/ntfs3/lib/decompress_common.o
  CC [M]  net/qrtr/mhi.o
  LD [M]  net/qrtr/qrtr.o
  CC      drivers/acpi/acpica/utstrtoul64.o
  CC      drivers/acpi/cppc_acpi.o
  CC [M]  net/vmw_vsock/vsock_bpf.o
  CC [M]  net/bluetooth/ecdh_helper.o
  CC      net/ipv6/xfrm6_input.o
  CC [M]  net/bluetooth/mgmt_util.o
  CC      fs/btrfs/compression.o
  CC      fs/btrfs/delayed-ref.o
  CC      drivers/acpi/acpica/utxface.o
  CC [M]  fs/ntfs3/lib/lzx_decompress.o
  CC [M]  net/netfilter/nf_nat_irc.o
  CC      fs/btrfs/relocation.o
  CC [M]  net/mac80211/ht.o
  CC [M]  net/netfilter/nf_nat_sip.o
  CC [M]  net/bridge/br_multicast.o
  CC      drivers/acpi/acpica/utxfinit.o
  LD [M]  net/qrtr/qrtr-tun.o
  CC      drivers/acpi/spcr.o
  CC [M]  fs/ntfs3/lib/xpress_decompress.o
  CC      net/ipv6/xfrm6_output.o
  LD [M]  net/qrtr/qrtr-mhi.o
  CC      net/ipv6/xfrm6_protocol.o
  CC      fs/btrfs/delayed-inode.o
  CC      fs/btrfs/scrub.o
  CC      drivers/acpi/acpica/utxferror.o
  LD [M]  fs/ntfs3/ntfs3.o
  CC      drivers/acpi/apei/apei-base.o
  CC      drivers/acpi/apei/hest.o
  CC [M]  net/mac80211/agg-tx.o
  CC [M]  net/netfilter/nf_nat_tftp.o
  CC [M]  net/vmw_vsock/diag.o
  CC      drivers/acpi/acpica/utxfmutex.o
  CC [M]  net/mac80211/agg-rx.o
  CC [M]  net/mac80211/vht.o
  CC [M]  net/netfilter/nf_synproxy_core.o
  CC      drivers/acpi/apei/erst.o
  CC [M]  net/vmw_vsock/virtio_transport_common.o
  CC      net/ipv6/netfilter.o
  CC      drivers/acpi/apei/bert.o
  CC [M]  net/bridge/br_mdb.o
  AR      drivers/acpi/acpica/built-in.a
  CC [M]  net/bluetooth/mgmt_config.o
  CC [M]  net/bluetooth/hci_codec.o
  CC [M]  net/mac80211/he.o
  CC      net/ipv4/fib_semantics.o
  CC      fs/btrfs/backref.o
  CC      drivers/acpi/pmic/intel_pmic.o
  CC      fs/btrfs/ulist.o
  CC      fs/btrfs/qgroup.o
  CC      net/ipv4/fib_trie.o
  CC      fs/btrfs/send.o
  CC [M]  net/netfilter/nf_conncount.o
  CC      fs/btrfs/dev-replace.o
  CC      drivers/acpi/apei/ghes.o
  CC      fs/btrfs/raid56.o
  CC [M]  net/bridge/br_multicast_eht.o
  CC      net/ipv6/fib6_rules.o
  CC [M]  net/bluetooth/eir.o
  CC [M]  net/bluetooth/hci_sync.o
  AR      drivers/acpi/pmic/built-in.a
  CC      net/ipv4/fib_notifier.o
  CC [M]  drivers/acpi/dptf/dptf_power.o
  CC [M]  drivers/acpi/dptf/dptf_pch_fivr.o
  CC      net/ipv6/proc.o
  CC [M]  net/bluetooth/hci_drv.o
  CC [M]  net/bridge/br_vlan.o
  CC [M]  net/vmw_vsock/vsock_loopback.o
  CC [M]  net/netfilter/nf_dup_netdev.o
  CC      net/ipv4/inet_fragment.o
  CC [M]  net/mac80211/s1g.o
  CC [M]  net/mac80211/ibss.o
  CC [M]  net/mac80211/iface.o
  CC      fs/btrfs/uuid-tree.o
  CC [M]  net/mac80211/link.o
  CC [M]  net/mac80211/rate.o
  CC      net/ipv6/syncookies.o
  CC      net/ipv6/seg6_iptunnel.o
  CC      drivers/acpi/apei/ghes_helpers.o
  CC [M]  net/mac80211/tkip.o
  CC [M]  net/mac80211/aes_cmac.o
  CC      net/ipv4/ping.o
  AR      drivers/acpi/apei/built-in.a
  CC      drivers/acpi/x86/apple.o
  CC [M]  net/bluetooth/coredump.o
  LD [M]  net/vmw_vsock/vsock.o
  LD [M]  net/vmw_vsock/vsock_diag.o
  LD [M]  net/vmw_vsock/vmw_vsock_virtio_transport_common.o
  CC      fs/btrfs/props.o
  CC      fs/btrfs/free-space-tree.o
  CC      net/ipv6/seg6_local.o
  CC      net/ipv6/seg6_hmac.o
  CC [M]  net/netfilter/nf_tables_core.o
  CC      net/ipv6/rpl_iptunnel.o
  CC      net/ipv6/ioam6_iptunnel.o
  CC [M]  net/ipv6/netfilter/ip6_tables.o
  CC      net/ipv4/ip_tunnel_core.o
  CC      drivers/acpi/x86/cmos_rtc.o
  CC [M]  net/bridge/br_vlan_tunnel.o
  CC [M]  net/bridge/br_vlan_options.o
  CC      fs/btrfs/tree-checker.o
  CC [M]  drivers/acpi/acpi_video.o
  CC      net/ipv6/addrconf_core.o
  CC      net/ipv6/exthdrs_core.o
  CC      drivers/acpi/x86/lpss.o
  CC [M]  net/netfilter/nf_tables_api.o
  CC [M]  net/bluetooth/sco.o
  CC [M]  net/ipv6/netfilter/ip6table_filter.o
  CC      net/ipv4/gre_offload.o
  CC [M]  net/mac80211/aes_gmac.o
  CC [M]  drivers/acpi/video_detect.o
  CC [M]  drivers/acpi/sbshc.o
  CC [M]  drivers/acpi/sbs.o
  CC      net/ipv6/ip6_checksum.o
  CC      net/ipv6/ip6_icmp.o
  CC [M]  net/netfilter/nft_chain_filter.o
  CC [M]  net/netfilter/nf_tables_trace.o
  CC [M]  net/bridge/br_mst.o
  CC      drivers/acpi/x86/s2idle.o
  CC [M]  net/bluetooth/iso.o
  CC      fs/btrfs/space-info.o
  CC [M]  net/ipv6/netfilter/ip6table_mangle.o
  CC [M]  net/mac80211/fils_aead.o
  CC [M]  net/netfilter/nft_immediate.o
  CC      drivers/acpi/x86/utils.o
  CC      drivers/acpi/x86/blacklist.o
  CC [M]  drivers/acpi/ec_sys.o
  CC [M]  net/ipv6/netfilter/ip6table_raw.o
  CC      fs/btrfs/block-rsv.o
  CC [M]  net/bluetooth/leds.o
  CC [M]  drivers/acpi/pfr_update.o
  CC [M]  drivers/acpi/pfr_telemetry.o
  CC [M]  net/ipv6/netfilter/ip6table_security.o
  CC [M]  net/netfilter/nft_cmp.o
  CC      fs/btrfs/delalloc-space.o
  CC      net/ipv4/metrics.o
  CC      net/ipv4/netlink.o
  CC      net/ipv4/nexthop.o
  CC [M]  drivers/acpi/acpi_pad.o
  CC [M]  net/bridge/br_switchdev.o
  CC      net/ipv4/udp_tunnel_stub.o
  CC [M]  net/bluetooth/msft.o
  AR      drivers/acpi/x86/built-in.a
  CC [M]  net/bluetooth/aosp.o
  CC [M]  net/mac80211/cfg.o
  CC [M]  net/mac80211/ethtool.o
  CC      net/ipv4/sysctl_net_ipv4.o
  CC      net/ipv4/proc.o
  CC [M]  net/mac80211/rx.o
  CC      net/ipv4/fib_rules.o
  CC      net/ipv4/ipmr.o
  CC      net/ipv6/output_core.o
  CC      net/ipv6/protocol.o
  CC      net/ipv6/ip6_offload.o
  CC      fs/btrfs/block-group.o
  CC [M]  net/mac80211/spectmgmt.o
  CC [M]  net/mac80211/tx.o
  CC [M]  net/ipv6/netfilter/ip6table_nat.o
  CC      net/ipv6/exthdrs_offload.o
  CC [M]  drivers/acpi/acpi_extlog.o
  CC      net/ipv6/inet6_hashtables.o
  CC      net/ipv6/mcast_snoop.o
  CC [M]  net/bridge/br_netfilter_hooks.o
  CC      net/ipv4/ipmr_base.o
  CC      net/ipv4/syncookies.o
  CC [M]  net/bluetooth/rfcomm/core.o
  CC [M]  net/bluetooth/rfcomm/sock.o
  CC [M]  drivers/acpi/acpi_configfs.o
  CC [M]  net/bluetooth/rfcomm/tty.o
  CC      fs/btrfs/discard.o
  CC [M]  net/mac80211/key.o
  CC [M]  net/bluetooth/bnep/core.o
  CC [M]  net/bluetooth/hidp/core.o
  CC [M]  net/bluetooth/hidp/sock.o
  CC      fs/btrfs/reflink.o
  CC [M]  net/ipv6/netfilter/nf_defrag_ipv6_hooks.o
  CC [M]  net/ipv6/netfilter/nf_conntrack_reasm.o
  CC [M]  net/mac80211/util.o
  CC [M]  net/netfilter/nft_range.o
  CC [M]  net/netfilter/nft_bitwise.o
  CC [M]  net/bridge/br_netfilter_ipv6.o
  CC [M]  drivers/acpi/nfit/core.o
  CC [M]  drivers/acpi/nfit/intel.o
  CC [M]  drivers/acpi/nfit/mce.o
  CC      fs/btrfs/subpage.o
  CC      net/ipv4/netfilter.o
  CC [M]  net/ipv6/ah6.o
  CC [M]  net/ipv6/esp6.o
  CC [M]  net/bluetooth/bnep/sock.o
  AR      drivers/acpi/built-in.a
  CC [M]  net/bridge/netfilter/nft_meta_bridge.o
  CC [M]  net/bluetooth/bnep/netdev.o
  CC [M]  net/mac80211/parse.o
  CC [M]  net/mac80211/wme.o
  CC [M]  net/bridge/netfilter/nft_reject_bridge.o
  LD [M]  net/bluetooth/hidp/hidp.o
  LD [M]  net/bridge/bridge.o
  CC [M]  net/ipv6/netfilter/nf_socket_ipv6.o
  LD [M]  drivers/acpi/video.o
  LD [M]  net/bluetooth/rfcomm/rfcomm.o
  CC [M]  net/ipv6/esp6_offload.o
  CC      fs/btrfs/tree-mod-log.o
  CC      fs/btrfs/extent-io-tree.o
  CC [M]  net/ipv4/netfilter/nf_defrag_ipv4.o
  CC      net/ipv4/tcp_cubic.o
  CC      net/ipv4/tcp_bpf.o
  CC      fs/btrfs/fs.o
  CC      fs/btrfs/messages.o
  CC [M]  net/netfilter/nft_byteorder.o
  CC [M]  net/ipv6/ipcomp6.o
  CC [M]  net/ipv6/netfilter/nf_tproxy_ipv6.o
  CC [M]  net/ipv6/netfilter/nf_reject_ipv6.o
  CC [M]  net/ipv4/netfilter/nf_socket_ipv4.o
  CC [M]  net/bridge/netfilter/nf_conntrack_bridge.o
  LD [M]  drivers/acpi/nfit/nfit.o
  LD [M]  net/bluetooth/bnep/bnep.o
make[2]: *** [scripts/Makefile.build:548: drivers] Error 2
make[2]: *** Waiting for unfinished jobs....
  LD [M]  net/bluetooth/bluetooth.o
  CC      net/ipv4/udp_bpf.o
  CC [M]  net/bridge/netfilter/ebtables.o
  CC [M]  net/ipv6/netfilter/nf_dup_ipv6.o
  CC [M]  net/ipv4/netfilter/nf_tproxy_ipv4.o
  CC [M]  net/bridge/netfilter/ebtable_broute.o
  CC [M]  net/ipv4/netfilter/nf_reject_ipv4.o
  LD [M]  net/bridge/br_netfilter.o
  CC [M]  net/ipv6/netfilter/nft_reject_ipv6.o
  CC [M]  net/ipv6/netfilter/nft_dup_ipv6.o
  CC [M]  net/netfilter/nft_payload.o
  CC [M]  net/ipv6/xfrm6_tunnel.o
  CC      net/ipv4/xfrm4_policy.o
  CC [M]  net/ipv4/netfilter/nf_nat_h323.o
  CC [M]  net/mac80211/chan.o
  CC [M]  net/ipv6/tunnel6.o
  CC [M]  net/netfilter/nft_lookup.o
  CC [M]  net/ipv6/netfilter/nft_fib_ipv6.o
  CC [M]  net/mac80211/trace.o
  CC      fs/btrfs/bio.o
  CC      fs/btrfs/lru_cache.o
  CC [M]  net/bridge/netfilter/ebtable_filter.o
  CC [M]  net/bridge/netfilter/ebtable_nat.o
  CC [M]  net/bridge/netfilter/ebt_802_3.o
  CC [M]  net/mac80211/mlme.o
  CC [M]  net/netfilter/nft_dynset.o
  CC [M]  net/ipv4/netfilter/nf_nat_pptp.o
  CC [M]  net/ipv6/mip6.o
  CC      fs/btrfs/raid-stripe-tree.o
  CC [M]  net/mac80211/tdls.o
  CC [M]  net/mac80211/ocb.o
  CC [M]  net/netfilter/nft_meta.o
  CC      net/ipv4/xfrm4_state.o
  CC      net/ipv4/xfrm4_input.o
  CC [M]  net/ipv6/ip6_vti.o
  CC [M]  net/ipv6/netfilter/ip6t_ah.o
  CC [M]  net/bridge/netfilter/ebt_among.o
  CC [M]  net/netfilter/nft_rt.o
  CC [M]  net/netfilter/nft_exthdr.o
  CC      net/ipv4/xfrm4_output.o
  CC [M]  net/mac80211/airtime.o
  CC [M]  net/ipv6/sit.o
  CC [M]  net/mac80211/eht.o
  CC [M]  net/ipv6/netfilter/ip6t_eui64.o
  CC [M]  net/ipv6/netfilter/ip6t_frag.o
  CC [M]  net/mac80211/uhr.o
  CC      fs/btrfs/fiemap.o
  CC [M]  net/ipv4/netfilter/nf_nat_snmp_basic.asn1.o
  CC [M]  net/ipv4/netfilter/nf_nat_snmp_basic_main.o
  CC [M]  net/netfilter/nft_last.o
  CC [M]  net/ipv6/netfilter/ip6t_ipv6header.o
  CC [M]  net/ipv4/netfilter/nft_reject_ipv4.o
  CC [M]  net/mac80211/nan.o
  CC [M]  net/ipv4/netfilter/nft_fib_ipv4.o
  CC [M]  net/ipv4/netfilter/nft_dup_ipv4.o
  CC [M]  net/bridge/netfilter/ebt_arp.o
  CC [M]  net/bridge/netfilter/ebt_ip.o
  CC      fs/btrfs/direct-io.o
  CC [M]  net/ipv6/ip6_tunnel.o
  CC [M]  net/ipv6/ip6_gre.o
  CC      net/ipv4/xfrm4_protocol.o
  CC [M]  net/ipv4/netfilter/ip_tables.o
  CC [M]  net/mac80211/led.o
  CC      fs/btrfs/acl.o
  CC [M]  net/ipv6/fou6.o
  CC      net/ipv4/bpf_tcp_ca.o
  CC [M]  net/ipv4/ip_tunnel.o
  CC [M]  net/netfilter/nft_counter.o
  CC [M]  net/ipv4/ipip.o
  CC [M]  net/mac80211/debugfs.o
  CC [M]  net/ipv4/fou_core.o
  CC [M]  net/netfilter/nft_objref.o
  CC [M]  net/ipv6/netfilter/ip6t_mh.o
  CC [M]  net/ipv6/netfilter/ip6t_hbh.o
  CC [M]  net/ipv6/netfilter/ip6t_rpfilter.o
  CC [M]  net/mac80211/debugfs_sta.o
  CC [M]  net/netfilter/nft_inner.o
  CC [M]  net/bridge/netfilter/ebt_ip6.o
  AR      fs/btrfs/built-in.a
  CC [M]  net/netfilter/nft_chain_route.o
  AR      fs/built-in.a
  CC [M]  net/netfilter/nf_tables_offload.o
  CC [M]  net/ipv4/netfilter/iptable_filter.o
  CC [M]  net/ipv4/netfilter/iptable_mangle.o
  CC [M]  net/ipv6/ip6_udp_tunnel.o
  CC [M]  net/ipv4/fou_nl.o
  CC [M]  net/ipv4/fou_bpf.o
  CC [M]  net/netfilter/nft_set_hash.o
  CC [M]  net/bridge/netfilter/ebt_limit.o
  CC [M]  net/bridge/netfilter/ebt_mark_m.o
  CC [M]  net/ipv6/netfilter/ip6t_rt.o
  CC [M]  net/netfilter/nft_set_bitmap.o
  CC [M]  net/mac80211/debugfs_netdev.o
  CC [M]  net/mac80211/debugfs_key.o
  CC [M]  net/bridge/netfilter/ebt_pkttype.o
  CC [M]  net/bridge/netfilter/ebt_stp.o
  CC [M]  net/netfilter/nft_set_rbtree.o
  CC [M]  net/ipv6/netfilter/ip6t_srh.o
  CC [M]  net/ipv4/gre_demux.o
  CC [M]  net/mac80211/mesh.o
  CC [M]  net/ipv4/netfilter/iptable_nat.o
  CC [M]  net/ipv4/netfilter/iptable_raw.o
  CC [M]  net/ipv6/netfilter/ip6t_NPT.o
  CC [M]  net/ipv4/netfilter/iptable_security.o
  CC [M]  net/bridge/netfilter/ebt_vlan.o
  CC [M]  net/mac80211/mesh_pathtbl.o
  CC [M]  net/ipv6/netfilter/ip6t_REJECT.o
  CC [M]  net/bridge/netfilter/ebt_arpreply.o
  CC [M]  net/bridge/netfilter/ebt_mark.o
  CC [M]  net/bridge/netfilter/ebt_dnat.o
  CC [M]  net/ipv4/netfilter/ipt_ah.o
  CC [M]  net/netfilter/nft_set_pipapo.o
  CC [M]  net/bridge/netfilter/ebt_redirect.o
  CC [M]  net/ipv4/netfilter/ipt_rpfilter.o
  CC [M]  net/ipv4/netfilter/ipt_ECN.o
  CC [M]  net/ipv6/netfilter/ip6t_SYNPROXY.o
  CC [M]  net/ipv6/ila/ila_main.o
  CC [M]  net/ipv4/netfilter/ipt_REJECT.o
  CC [M]  net/ipv6/ila/ila_common.o
  CC [M]  net/ipv4/ip_gre.o
  CC [M]  net/ipv4/netfilter/ipt_SYNPROXY.o
  CC [M]  net/ipv4/netfilter/arp_tables.o
  CC [M]  net/bridge/netfilter/ebt_snat.o
  CC [M]  net/netfilter/nft_set_pipapo_avx2.o
  CC [M]  net/ipv6/ila/ila_lwt.o
  CC [M]  net/bridge/netfilter/ebt_log.o
  CC [M]  net/mac80211/mesh_plink.o
  CC [M]  net/mac80211/mesh_hwmp.o
  CC [M]  net/mac80211/mesh_sync.o
  CC [M]  net/mac80211/mesh_ps.o
  CC [M]  net/netfilter/nft_compat.o
  CC [M]  net/ipv4/netfilter/arpt_mangle.o
  CC [M]  net/mac80211/pm.o
  CC [M]  net/ipv6/ila/ila_xlat.o
  CC [M]  net/bridge/netfilter/ebt_nflog.o
  CC [M]  net/netfilter/nft_connlimit.o
  CC [M]  net/netfilter/nft_numgen.o
  CC [M]  net/netfilter/nft_ct.o
  CC [M]  net/netfilter/nft_flow_offload.o
  LD [M]  net/ipv6/netfilter/nf_defrag_ipv6.o
  CC [M]  net/ipv4/udp_tunnel_core.o
  CC [M]  net/netfilter/nft_limit.o
  CC [M]  net/ipv4/udp_tunnel_nic.o
  CC [M]  net/mac80211/rc80211_minstrel_ht.o
  AR      net/ipv6/built-in.a
  CC [M]  net/ipv4/ip_vti.o
  CC [M]  net/ipv4/netfilter/arptable_filter.o
  CC [M]  net/netfilter/nft_nat.o
  CC [M]  net/ipv4/ah4.o
  CC [M]  net/mac80211/rc80211_minstrel_ht_debugfs.o
  CC [M]  net/mac80211/wbrf.o
  CC [M]  net/ipv4/netfilter/nf_dup_ipv4.o
  CC [M]  net/ipv4/esp4.o
  CC [M]  net/netfilter/nft_queue.o
  CC [M]  net/ipv4/esp4_offload.o
  CC [M]  net/ipv4/ipcomp.o
  CC [M]  net/ipv4/xfrm4_tunnel.o
  CC [M]  net/netfilter/nft_quota.o
  CC [M]  net/netfilter/nft_reject.o
  CC [M]  net/ipv4/tunnel4.o
  CC [M]  net/ipv4/inet_diag.o
  LD [M]  net/ipv4/netfilter/nf_nat_snmp_basic.o
  CC [M]  net/netfilter/nft_reject_inet.o
  CC [M]  net/ipv4/tcp_diag.o
  CC [M]  net/ipv4/udp_diag.o
  LD [M]  net/ipv6/ila/ila.o
  CC [M]  net/ipv4/raw_diag.o
  CC [M]  net/netfilter/nft_reject_netdev.o
  CC [M]  net/netfilter/nft_tunnel.o
  CC [M]  net/netfilter/nft_log.o
  CC [M]  net/ipv4/tcp_bbr.o
  CC [M]  net/netfilter/nft_masq.o
  CC [M]  net/netfilter/nft_redir.o
  CC [M]  net/ipv4/tcp_bbr3.o
  CC [M]  net/ipv4/tcp_bic.o
  CC [M]  net/netfilter/nft_hash.o
  CC [M]  net/ipv4/tcp_cdg.o
  CC [M]  net/ipv4/tcp_dctcp.o
  CC [M]  net/netfilter/nft_fib.o
  CC [M]  net/netfilter/nft_fib_inet.o
  CC [M]  net/netfilter/nft_fib_netdev.o
  CC [M]  net/ipv4/tcp_westwood.o
  CC [M]  net/netfilter/nft_socket.o
  CC [M]  net/netfilter/nft_osf.o
  CC [M]  net/netfilter/nft_tproxy.o
  CC [M]  net/netfilter/nft_xfrm.o
  CC [M]  net/netfilter/nft_synproxy.o
  CC [M]  net/netfilter/nft_chain_nat.o
  CC [M]  net/netfilter/nft_dup_netdev.o
  CC [M]  net/ipv4/tcp_highspeed.o
  LD [M]  net/mac80211/mac80211.o
  CC [M]  net/ipv4/tcp_hybla.o
  CC [M]  net/netfilter/nft_fwd_netdev.o
  CC [M]  net/ipv4/tcp_htcp.o
  CC [M]  net/ipv4/tcp_vegas.o
  CC [M]  net/ipv4/tcp_nv.o
  CC [M]  net/netfilter/nf_flow_table_core.o
  CC [M]  net/ipv4/tcp_veno.o
  CC [M]  net/ipv4/tcp_scalable.o
  CC [M]  net/ipv4/tcp_lp.o
  CC [M]  net/ipv4/tcp_yeah.o
  CC [M]  net/netfilter/nf_flow_table_ip.o
  CC [M]  net/netfilter/nf_flow_table_path.o
  CC [M]  net/netfilter/nf_flow_table_offload.o
  CC [M]  net/netfilter/nf_flow_table_xdp.o
  CC [M]  net/ipv4/tcp_illinois.o
  CC [M]  net/netfilter/nf_flow_table_procfs.o
  CC [M]  net/netfilter/nf_flow_table_inet.o
  CC [M]  net/netfilter/x_tables.o
  CC [M]  net/netfilter/xt_tcpudp.o
  CC [M]  net/netfilter/xt_mark.o
  CC [M]  net/netfilter/xt_connmark.o
  CC [M]  net/netfilter/xt_set.o
  CC [M]  net/netfilter/xt_nat.o
  CC [M]  net/netfilter/xt_CHECKSUM.o
  CC [M]  net/netfilter/xt_CLASSIFY.o
  AR      net/ipv4/built-in.a
  CC [M]  net/netfilter/xt_CT.o
  CC [M]  net/netfilter/xt_DSCP.o
  LD [M]  net/ipv4/fou.o
  CC [M]  net/netfilter/xt_HL.o
  CC [M]  net/netfilter/xt_HMARK.o
  LD [M]  net/ipv4/gre.o
  CC [M]  net/netfilter/xt_LED.o
  CC [M]  net/netfilter/xt_LOG.o
  LD [M]  net/ipv4/udp_tunnel.o
  CC [M]  net/netfilter/xt_NETMAP.o
  CC [M]  net/netfilter/xt_NFLOG.o
  CC [M]  net/netfilter/xt_NFQUEUE.o
  CC [M]  net/netfilter/xt_RATEEST.o
  CC [M]  net/netfilter/xt_REDIRECT.o
  CC [M]  net/netfilter/xt_MASQUERADE.o
  CC [M]  net/netfilter/xt_TPROXY.o
  CC [M]  net/netfilter/xt_TCPMSS.o
  CC [M]  net/netfilter/xt_TCPOPTSTRIP.o
  CC [M]  net/netfilter/xt_TEE.o
  CC [M]  net/netfilter/xt_TRACE.o
  CC [M]  net/netfilter/xt_IDLETIMER.o
  CC [M]  net/netfilter/xt_addrtype.o
  CC [M]  net/netfilter/xt_bpf.o
  CC [M]  net/netfilter/xt_cluster.o
  CC [M]  net/netfilter/xt_comment.o
  CC [M]  net/netfilter/xt_connbytes.o
  CC [M]  net/netfilter/xt_connlabel.o
  CC [M]  net/netfilter/xt_connlimit.o
  CC [M]  net/netfilter/xt_conntrack.o
  CC [M]  net/netfilter/xt_cpu.o
  CC [M]  net/netfilter/xt_dccp.o
  CC [M]  net/netfilter/xt_devgroup.o
  CC [M]  net/netfilter/xt_dscp.o
  CC [M]  net/netfilter/xt_ecn.o
  CC [M]  net/netfilter/xt_esp.o
  CC [M]  net/netfilter/xt_hashlimit.o
  CC [M]  net/netfilter/xt_helper.o
  CC [M]  net/netfilter/xt_hl.o
  CC [M]  net/netfilter/xt_ipcomp.o
  CC [M]  net/netfilter/xt_iprange.o
  CC [M]  net/netfilter/xt_l2tp.o
  CC [M]  net/netfilter/xt_length.o
  CC [M]  net/netfilter/xt_limit.o
  CC [M]  net/netfilter/xt_mac.o
  CC [M]  net/netfilter/xt_multiport.o
  CC [M]  net/netfilter/xt_nfacct.o
  CC [M]  net/netfilter/xt_osf.o
  CC [M]  net/netfilter/xt_owner.o
  CC [M]  net/netfilter/xt_cgroup.o
  CC [M]  net/netfilter/xt_physdev.o
  CC [M]  net/netfilter/xt_pkttype.o
  CC [M]  net/netfilter/xt_policy.o
  CC [M]  net/netfilter/xt_quota.o
  CC [M]  net/netfilter/xt_rateest.o
  CC [M]  net/netfilter/xt_realm.o
  CC [M]  net/netfilter/xt_recent.o
  CC [M]  net/netfilter/xt_sctp.o
  CC [M]  net/netfilter/xt_socket.o
  CC [M]  net/netfilter/xt_state.o
  CC [M]  net/netfilter/xt_statistic.o
  CC [M]  net/netfilter/xt_string.o
  CC [M]  net/netfilter/xt_tcpmss.o
  CC [M]  net/netfilter/xt_time.o
  CC [M]  net/netfilter/xt_u32.o
  LD [M]  net/netfilter/nf_conntrack.o
  CC [M]  net/netfilter/ipset/ip_set_core.o
  LD [M]  net/netfilter/nf_conntrack_h323.o
  CC [M]  net/netfilter/ipset/ip_set_getport.o
  LD [M]  net/netfilter/nf_nat.o
  CC [M]  net/netfilter/ipset/pfxlen.o
  LD [M]  net/netfilter/nf_tables.o
  CC [M]  net/netfilter/ipset/ip_set_bitmap_ip.o
  LD [M]  net/netfilter/nf_flow_table.o
  CC [M]  net/netfilter/ipset/ip_set_bitmap_ipmac.o
  CC [M]  net/netfilter/ipset/ip_set_bitmap_port.o
  CC [M]  net/netfilter/ipset/ip_set_hash_ip.o
  CC [M]  net/netfilter/ipset/ip_set_hash_ipmac.o
  CC [M]  net/netfilter/ipset/ip_set_hash_ipmark.o
  CC [M]  net/netfilter/ipset/ip_set_hash_ipport.o
  CC [M]  net/netfilter/ipset/ip_set_hash_ipportip.o
  CC [M]  net/netfilter/ipset/ip_set_hash_ipportnet.o
  CC [M]  net/netfilter/ipset/ip_set_hash_mac.o
  CC [M]  net/netfilter/ipset/ip_set_hash_net.o
  CC [M]  net/netfilter/ipset/ip_set_hash_netport.o
  CC [M]  net/netfilter/ipset/ip_set_hash_netiface.o
  CC [M]  net/netfilter/ipset/ip_set_hash_netnet.o
  CC [M]  net/netfilter/ipset/ip_set_hash_netportnet.o
  CC [M]  net/netfilter/ipset/ip_set_list_set.o
  LD [M]  net/netfilter/ipset/ip_set.o
  AR      net/built-in.a
make[1]: *** [/usr/src/linux-7.1.8-cachyos1/Makefile:2176: .] Error 2
make: *** [Makefile:248: __sub-make] Error 2
